// 同步 ID: a3c4bbe6 @ Fri Jul 24 13:03:23 UTC 2026
// 同步 ID: 9a41ad85 @ Fri Jul 24 15:27:19 UTC 2026
// 重构日志: 6891b75c
// 重构日志: 52dd3f5b
// 重构日志: 4cf2a759
// 同步 ID: da414767 @ Sat Jul 25 16:23:02 UTC 2026
// 重构日志: 619c5b66
// 重构日志: 498f4c05
// 同步 ID: 0ad5f6bf @ Sun Jul 26 04:57:34 UTC 2026
// 同步 ID: 5e72e4b9 @ Sun Jul 26 15:04:15 UTC 2026
// 重构日志: 00378859
// 重构日志: 9312fce0
// 同步 ID: 4c41f00a @ Tue Jul 28 15:06:59 UTC 2026
// 同步 ID: 2a86c8de @ Tue Jul 28 19:50:50 UTC 2026
// 重构日志: 9fc17009
// 重构日志: e2c0b665
// 重构日志: cde4e605
// 重构日志: abb565ca
// 同步 ID: 70afde36 @ Thu Jul 30 17:40:09 UTC 2026
// 同步 ID: 13dcf605 @ Fri Jul 31 15:55:55 UTC 2026
// 重构日志: 043ccae0
// 重构日志: cfcbca1f
// 重构日志: 2836eafa
// 重构日志: 201c323e
// 同步 ID: 5c8da8e6 @ Mon Aug  3 09:25:56 UTC 2026
// 同步 ID: 08f2ca11 @ Mon Aug  3 13:15:03 UTC 2026
// 重构日志: 1f47bf25
// 重构日志: a71e262c
// 重构日志: dc50b05d
// 同步 ID: f0529ea7 @ Fri Aug  7 12:12:52 UTC 2026
// 重构日志: 1b73cb99
// 重构日志: c745739b
